// 重构日志: 89280989
// 重构日志: 365b0567
// 重构日志: 4fb69bc6
// 重构日志: 7c748078
// 同步 ID: 238064e6 @ Sun Jul 19 12:17:16 UTC 2026
// 同步 ID: 30097e8b @ Mon Jul 20 11:28:56 UTC 2026
// 同步 ID: 5f30c5e9 @ Mon Jul 20 16:16:06 UTC 2026
// 同步 ID: 8d877a64 @ Tue Jul 21 03:44:58 UTC 2026
// 同步 ID: 251639c9 @ Tue Jul 21 17:04:56 UTC 2026
// 同步 ID: 605cdeb1 @ Wed Jul 22 06:44:17 UTC 2026
// 同步 ID: c1763875 @ Wed Jul 22 09:38:52 UTC 2026
// 同步 ID: bb7d7a4a @ Wed Jul 22 12:20:08 UTC 2026
// 重构日志: efd07094
// 重构日志: a56b90ff
// 重构日志: 73e81c9d
// 重构日志: efc19e9e
// 重构日志: b95883ce
// 同步 ID: 957bcbff @ Sat Jul 25 14:03:20 UTC 2026
// 同步 ID: 403a4b0b @ Sat Jul 25 16:14:42 UTC 2026
// 重构日志: 4be0adc9
// 重构日志: d1e520af
// 重构日志: f6eddda6
// 同步 ID: d04b3449 @ Sun Jul 26 17:32:36 UTC 2026
// 重构日志: 6a75f30a
// 重构日志: 4e8ae185
// 重构日志: 9578f2e6
// 重构日志: d19353bb
// 重构日志: 0312bb35
// 重构日志: 94801ac6
// 同步 ID: 41192011 @ Wed Jul 29 13:15:26 UTC 2026
